C:\raaspi-jee\r3-gen\projects\genappcdi\java\addon\com\rcomputer\genapp\addon\Addon.java
C:\raaspi-jee\r3-gen\projects\genappcdi\java\addon\com\rcomputer\genapp\addon\PluginManagerAddon.java
C:\raaspi-jee\r3-gen\projects\genappcdi\java\addon\com\rcomputer\genapp\addon\R3RestClientAddon.java
C:\raaspi-jee\r3-gen\projects\genappcdi\java\addon\com\rcomputer\genapp\addon\ShoppingCartBeanAddon.java
C:\raaspi-jee\r3-gen\projects\genappcdi\java\hot\com\rcomputer\genapp\action\Authenticator.java
C:\raaspi-jee\r3-gen\projects\genappcdi\java\hot\com\rcomputer\genapp\action\BinTools.java
C:\raaspi-jee\r3-gen\projects\genappcdi\java\hot\com\rcomputer\genapp\action\CustomExceptionHandler.java
C:\raaspi-jee\r3-gen\projects\genappcdi\java\hot\com\rcomputer\genapp\action\CustomExceptionHandlerFactory.java
C:\raaspi-jee\r3-gen\projects\genappcdi\java\hot\com\rcomputer\genapp\action\CustomIdentity.java
C:\raaspi-jee\r3-gen\projects\genappcdi\java\hot\com\rcomputer\genapp\action\CustomStrategy.java
C:\raaspi-jee\r3-gen\projects\genappcdi\java\hot\com\rcomputer\genapp\action\CustomStrategyAddress.java
C:\raaspi-jee\r3-gen\projects\genappcdi\java\hot\com\rcomputer\genapp\action\CustomStrategyCustomer.java
C:\raaspi-jee\r3-gen\projects\genappcdi\java\hot\com\rcomputer\genapp\action\CustomStrategyOrder.java
C:\raaspi-jee\r3-gen\projects\genappcdi\java\hot\com\rcomputer\genapp\action\CustomStrategyTransaction.java
C:\raaspi-jee\r3-gen\projects\genappcdi\java\hot\com\rcomputer\genapp\action\DatabaseResourceLoader.java
C:\raaspi-jee\r3-gen\projects\genappcdi\java\hot\com\rcomputer\genapp\action\Dxxxch1d3xwwqqhxxlxxcompanyHome.java
C:\raaspi-jee\r3-gen\projects\genappcdi\java\hot\com\rcomputer\genapp\action\Dxxxch1d3xwwqqhxxlxxcompanyList.java
C:\raaspi-jee\r3-gen\projects\genappcdi\java\hot\com\rcomputer\genapp\action\Dxxxiq155xwwqqhxxxxxresidencyHome.java
C:\raaspi-jee\r3-gen\projects\genappcdi\java\hot\com\rcomputer\genapp\action\Dxxxiq155xwwqqhxxxxxresidencyList.java
C:\raaspi-jee\r3-gen\projects\genappcdi\java\hot\com\rcomputer\genapp\action\Dxxxuq2drxwwqqhfxxxxresourcedetailsHome.java
C:\raaspi-jee\r3-gen\projects\genappcdi\java\hot\com\rcomputer\genapp\action\Dxxxuq2drxwwqqhfxxxxresourcedetailsList.java
C:\raaspi-jee\r3-gen\projects\genappcdi\java\hot\com\rcomputer\genapp\action\Dxxxuq92bxwwqqhefxxxitemjobHome.java
C:\raaspi-jee\r3-gen\projects\genappcdi\java\hot\com\rcomputer\genapp\action\Dxxxuq92bxwwqqhefxxxitemjobList.java
C:\raaspi-jee\r3-gen\projects\genappcdi\java\hot\com\rcomputer\genapp\action\Fpxxfq1a5xwwqqhxxxxxitemCalendarOrderService.java
C:\raaspi-jee\r3-gen\projects\genappcdi\java\hot\com\rcomputer\genapp\action\Fpxxfq1a5xwwqqhxxxxxitemCalendarService.java
C:\raaspi-jee\r3-gen\projects\genappcdi\java\hot\com\rcomputer\genapp\action\Fpxxfq1a5xwwqqhxxxxxitemEntityService.java
C:\raaspi-jee\r3-gen\projects\genappcdi\java\hot\com\rcomputer\genapp\action\Fpxxfq1a5xwwqqhxxxxxitemHome.java
C:\raaspi-jee\r3-gen\projects\genappcdi\java\hot\com\rcomputer\genapp\action\Fpxxfq1a5xwwqqhxxxxxitemList.java
C:\raaspi-jee\r3-gen\projects\genappcdi\java\hot\com\rcomputer\genapp\action\Fpxxfq1t8xwwqqhxxxxxitemproflHome.java
C:\raaspi-jee\r3-gen\projects\genappcdi\java\hot\com\rcomputer\genapp\action\Fpxxfq1t8xwwqqhxxxxxitemproflList.java
C:\raaspi-jee\r3-gen\projects\genappcdi\java\hot\com\rcomputer\genapp\action\Fpxxuq9eexwwqqhefxxxmachineHome.java
C:\raaspi-jee\r3-gen\projects\genappcdi\java\hot\com\rcomputer\genapp\action\Fpxxuq9eexwwqqhefxxxmachineList.java
C:\raaspi-jee\r3-gen\projects\genappcdi\java\hot\com\rcomputer\genapp\action\Fxxxch122xhhxqhxxlxxdepartmentHome.java
C:\raaspi-jee\r3-gen\projects\genappcdi\java\hot\com\rcomputer\genapp\action\Fxxxch122xhhxqhxxlxxdepartmentList.java
C:\raaspi-jee\r3-gen\projects\genappcdi\java\hot\com\rcomputer\genapp\action\Fxxxch133xhhxqhxxlxxdivisionHome.java
C:\raaspi-jee\r3-gen\projects\genappcdi\java\hot\com\rcomputer\genapp\action\Fxxxch133xhhxqhxxlxxdivisionList.java
C:\raaspi-jee\r3-gen\projects\genappcdi\java\hot\com\rcomputer\genapp\action\Fxxxcq144xwwqqhxxxxxlocationHome.java
C:\raaspi-jee\r3-gen\projects\genappcdi\java\hot\com\rcomputer\genapp\action\Fxxxcq144xwwqqhxxxxxlocationList.java
C:\raaspi-jee\r3-gen\projects\genappcdi\java\hot\com\rcomputer\genapp\action\Fxxxuq111xwwqqhxxxxxaddressHome.java
C:\raaspi-jee\r3-gen\projects\genappcdi\java\hot\com\rcomputer\genapp\action\Fxxxuq111xwwqqhxxxxxaddressList.java
C:\raaspi-jee\r3-gen\projects\genappcdi\java\hot\com\rcomputer\genapp\action\Fxxxuq166xwwqqhefmxxitembomHome.java
C:\raaspi-jee\r3-gen\projects\genappcdi\java\hot\com\rcomputer\genapp\action\Fxxxuq166xwwqqhefmxxitembomList.java
C:\raaspi-jee\r3-gen\projects\genappcdi\java\hot\com\rcomputer\genapp\action\Fxxxuq188xwwqqhxxxxxactivityCalendarOrderService.java
C:\raaspi-jee\r3-gen\projects\genappcdi\java\hot\com\rcomputer\genapp\action\Fxxxuq188xwwqqhxxxxxactivityCalendarService.java
C:\raaspi-jee\r3-gen\projects\genappcdi\java\hot\com\rcomputer\genapp\action\Fxxxuq188xwwqqhxxxxxactivityEntityService.java
C:\raaspi-jee\r3-gen\projects\genappcdi\java\hot\com\rcomputer\genapp\action\Fxxxuq188xwwqqhxxxxxactivityHome.java
C:\raaspi-jee\r3-gen\projects\genappcdi\java\hot\com\rcomputer\genapp\action\Fxxxuq188xwwqqhxxxxxactivityList.java
C:\raaspi-jee\r3-gen\projects\genappcdi\java\hot\com\rcomputer\genapp\action\Fxxxuq1bhxwwqqhxxxxxusagebyperiodsEntityService.java
C:\raaspi-jee\r3-gen\projects\genappcdi\java\hot\com\rcomputer\genapp\action\Fxxxuq1bhxwwqqhxxxxxusagebyperiodsHome.java
C:\raaspi-jee\r3-gen\projects\genappcdi\java\hot\com\rcomputer\genapp\action\Fxxxuq1bhxwwqqhxxxxxusagebyperiodsList.java
C:\raaspi-jee\r3-gen\projects\genappcdi\java\hot\com\rcomputer\genapp\action\Fxxxuq1ffxwwqqhefxxxserialnumbersHome.java
C:\raaspi-jee\r3-gen\projects\genappcdi\java\hot\com\rcomputer\genapp\action\Fxxxuq1ffxwwqqhefxxxserialnumbersList.java
C:\raaspi-jee\r3-gen\projects\genappcdi\java\hot\com\rcomputer\genapp\action\Fxxxuq1ggxwwqqhxxxxxmembersgroupHome.java
C:\raaspi-jee\r3-gen\projects\genappcdi\java\hot\com\rcomputer\genapp\action\Fxxxuq1ggxwwqqhxxxxxmembersgroupList.java
C:\raaspi-jee\r3-gen\projects\genappcdi\java\hot\com\rcomputer\genapp\action\Fxxxuq1hhxwwqqhefxxxitembomdetailsHome.java
C:\raaspi-jee\r3-gen\projects\genappcdi\java\hot\com\rcomputer\genapp\action\Fxxxuq1hhxwwqqhefxxxitembomdetailsList.java
C:\raaspi-jee\r3-gen\projects\genappcdi\java\hot\com\rcomputer\genapp\action\Fxxxuq1kkxwwqqhfxxxxtaskHome.java
C:\raaspi-jee\r3-gen\projects\genappcdi\java\hot\com\rcomputer\genapp\action\Fxxxuq1kkxwwqqhfxxxxtaskList.java
C:\raaspi-jee\r3-gen\projects\genappcdi\java\hot\com\rcomputer\genapp\action\Fxxxuq1skxwwqqhxxxxxseatHome.java
C:\raaspi-jee\r3-gen\projects\genappcdi\java\hot\com\rcomputer\genapp\action\Fxxxuq1skxwwqqhxxxxxseatList.java
C:\raaspi-jee\r3-gen\projects\genappcdi\java\hot\com\rcomputer\genapp\action\Fxxxuq89bxwwqqhxxxxxscheduleCalendarOrderService.java
C:\raaspi-jee\r3-gen\projects\genappcdi\java\hot\com\rcomputer\genapp\action\Fxxxuq89bxwwqqhxxxxxscheduleCalendarService.java
C:\raaspi-jee\r3-gen\projects\genappcdi\java\hot\com\rcomputer\genapp\action\Fxxxuq89bxwwqqhxxxxxscheduleHome.java
C:\raaspi-jee\r3-gen\projects\genappcdi\java\hot\com\rcomputer\genapp\action\Fxxxuq89bxwwqqhxxxxxscheduleList.java
C:\raaspi-jee\r3-gen\projects\genappcdi\java\hot\com\rcomputer\genapp\action\Fxxxuq8axxwwqqhxxxxxprojectHome.java
C:\raaspi-jee\r3-gen\projects\genappcdi\java\hot\com\rcomputer\genapp\action\Fxxxuq8axxwwqqhxxxxxprojectList.java
C:\raaspi-jee\r3-gen\projects\genappcdi\java\hot\com\rcomputer\genapp\action\Fxxxuq8bxxwwqqhxxxxxoutlineHome.java
C:\raaspi-jee\r3-gen\projects\genappcdi\java\hot\com\rcomputer\genapp\action\Fxxxuq8bxxwwqqhxxxxxoutlineList.java
C:\raaspi-jee\r3-gen\projects\genappcdi\java\hot\com\rcomputer\genapp\action\ImageServletCdi.java
C:\raaspi-jee\r3-gen\projects\genappcdi\java\hot\com\rcomputer\genapp\action\InactiveNewUser.java
C:\raaspi-jee\r3-gen\projects\genappcdi\java\hot\com\rcomputer\genapp\action\Jxxxbh400xwwqqhxxxxxemployeeCalendarService.java
C:\raaspi-jee\r3-gen\projects\genappcdi\java\hot\com\rcomputer\genapp\action\Jxxxbh400xwwqqhxxxxxemployeeEntityService.java
C:\raaspi-jee\r3-gen\projects\genappcdi\java\hot\com\rcomputer\genapp\action\Jxxxbh400xwwqqhxxxxxemployeeHome.java
C:\raaspi-jee\r3-gen\projects\genappcdi\java\hot\com\rcomputer\genapp\action\Jxxxbh400xwwqqhxxxxxemployeeList.java
C:\raaspi-jee\r3-gen\projects\genappcdi\java\hot\com\rcomputer\genapp\action\Jxxxuq201xwwqqhxxxxxcustomerCalendarOrderService.java
C:\raaspi-jee\r3-gen\projects\genappcdi\java\hot\com\rcomputer\genapp\action\Jxxxuq201xwwqqhxxxxxcustomerCalendarService.java
C:\raaspi-jee\r3-gen\projects\genappcdi\java\hot\com\rcomputer\genapp\action\Jxxxuq201xwwqqhxxxxxcustomerEntityService.java
C:\raaspi-jee\r3-gen\projects\genappcdi\java\hot\com\rcomputer\genapp\action\Jxxxuq201xwwqqhxxxxxcustomerHome.java
C:\raaspi-jee\r3-gen\projects\genappcdi\java\hot\com\rcomputer\genapp\action\Jxxxuq201xwwqqhxxxxxcustomerList.java
C:\raaspi-jee\r3-gen\projects\genappcdi\java\hot\com\rcomputer\genapp\action\Jxxxuq21bxwwqqhxxxxxccontactHome.java
C:\raaspi-jee\r3-gen\projects\genappcdi\java\hot\com\rcomputer\genapp\action\Jxxxuq21bxwwqqhxxxxxccontactList.java
C:\raaspi-jee\r3-gen\projects\genappcdi\java\hot\com\rcomputer\genapp\action\Jxxxuq300xwwqqhxxxxxvendorCalendarOrderService.java
C:\raaspi-jee\r3-gen\projects\genappcdi\java\hot\com\rcomputer\genapp\action\Jxxxuq300xwwqqhxxxxxvendorCalendarService.java
C:\raaspi-jee\r3-gen\projects\genappcdi\java\hot\com\rcomputer\genapp\action\Jxxxuq300xwwqqhxxxxxvendorEntityService.java
C:\raaspi-jee\r3-gen\projects\genappcdi\java\hot\com\rcomputer\genapp\action\Jxxxuq300xwwqqhxxxxxvendorHome.java
C:\raaspi-jee\r3-gen\projects\genappcdi\java\hot\com\rcomputer\genapp\action\Jxxxuq300xwwqqhxxxxxvendorList.java
C:\raaspi-jee\r3-gen\projects\genappcdi\java\hot\com\rcomputer\genapp\action\Jxxxuq31bxwwqqhxxxxxvcontactHome.java
C:\raaspi-jee\r3-gen\projects\genappcdi\java\hot\com\rcomputer\genapp\action\Jxxxuq31bxwwqqhxxxxxvcontactList.java
C:\raaspi-jee\r3-gen\projects\genappcdi\java\hot\com\rcomputer\genapp\action\Jxxxuq53dxwwqqhxxxxxrollupgroupHome.java
C:\raaspi-jee\r3-gen\projects\genappcdi\java\hot\com\rcomputer\genapp\action\Jxxxuq53dxwwqqhxxxxxrollupgroupList.java
C:\raaspi-jee\r3-gen\projects\genappcdi\java\hot\com\rcomputer\genapp\action\Jxxxuq54exwwqqhxxxxxgroupmembersHome.java
C:\raaspi-jee\r3-gen\projects\genappcdi\java\hot\com\rcomputer\genapp\action\Jxxxuq54exwwqqhxxxxxgroupmembersList.java
C:\raaspi-jee\r3-gen\projects\genappcdi\java\hot\com\rcomputer\genapp\action\Lxxxeh177xwwqqhxxxxxcontrolusagebyperiodsHome.java
C:\raaspi-jee\r3-gen\projects\genappcdi\java\hot\com\rcomputer\genapp\action\Lxxxeh177xwwqqhxxxxxcontrolusagebyperiodsList.java
C:\raaspi-jee\r3-gen\projects\genappcdi\java\hot\com\rcomputer\genapp\action\MacBasedPRF.java
C:\raaspi-jee\r3-gen\projects\genappcdi\java\hot\com\rcomputer\genapp\action\MailMessageImpl.java
C:\raaspi-jee\r3-gen\projects\genappcdi\java\hot\com\rcomputer\genapp\action\MailTransporterImpl.java
C:\raaspi-jee\r3-gen\projects\genappcdi\java\hot\com\rcomputer\genapp\action\MailUtility.java
C:\raaspi-jee\r3-gen\projects\genappcdi\java\hot\com\rcomputer\genapp\action\Mlrbuq1qxxwwqqhexxxxnextserialnoHome.java
C:\raaspi-jee\r3-gen\projects\genappcdi\java\hot\com\rcomputer\genapp\action\Mlrbuq1qxxwwqqhexxxxnextserialnoList.java
C:\raaspi-jee\r3-gen\projects\genappcdi\java\hot\com\rcomputer\genapp\action\Nxxxiha1rxwwqqhxxxxxgenappHome.java
C:\raaspi-jee\r3-gen\projects\genappcdi\java\hot\com\rcomputer\genapp\action\Nxxxiha1rxwwqqhxxxxxgenappList.java
C:\raaspi-jee\r3-gen\projects\genappcdi\java\hot\com\rcomputer\genapp\action\Nxxxiha2rxwwqqhxxxxxgendbHome.java
C:\raaspi-jee\r3-gen\projects\genappcdi\java\hot\com\rcomputer\genapp\action\Nxxxiha2rxwwqqhxxxxxgendbList.java
C:\raaspi-jee\r3-gen\projects\genappcdi\java\hot\com\rcomputer\genapp\action\Nxxxiha3rxwwqqhxxxxxgentableHome.java
C:\raaspi-jee\r3-gen\projects\genappcdi\java\hot\com\rcomputer\genapp\action\Nxxxiha3rxwwqqhxxxxxgentableList.java
C:\raaspi-jee\r3-gen\projects\genappcdi\java\hot\com\rcomputer\genapp\action\Nxxxiha4rxwwqqhxxxxxgenfieldsHome.java
C:\raaspi-jee\r3-gen\projects\genappcdi\java\hot\com\rcomputer\genapp\action\Nxxxiha4rxwwqqhxxxxxgenfieldsList.java
C:\raaspi-jee\r3-gen\projects\genappcdi\java\hot\com\rcomputer\genapp\action\PasswordSupport.java
C:\raaspi-jee\r3-gen\projects\genappcdi\java\hot\com\rcomputer\genapp\action\PBKDF2.java
C:\raaspi-jee\r3-gen\projects\genappcdi\java\hot\com\rcomputer\genapp\action\PBKDF2Engine.java
C:\raaspi-jee\r3-gen\projects\genappcdi\java\hot\com\rcomputer\genapp\action\PBKDF2Formatter.java
C:\raaspi-jee\r3-gen\projects\genappcdi\java\hot\com\rcomputer\genapp\action\PBKDF2HexFormatter.java
C:\raaspi-jee\r3-gen\projects\genappcdi\java\hot\com\rcomputer\genapp\action\PBKDF2Parameters.java
C:\raaspi-jee\r3-gen\projects\genappcdi\java\hot\com\rcomputer\genapp\action\PickListCustomerConverter.java
C:\raaspi-jee\r3-gen\projects\genappcdi\java\hot\com\rcomputer\genapp\action\PickListEmployeeConverter.java
C:\raaspi-jee\r3-gen\projects\genappcdi\java\hot\com\rcomputer\genapp\action\PickListVendorConverter.java
C:\raaspi-jee\r3-gen\projects\genappcdi\java\hot\com\rcomputer\genapp\action\PRF.java
C:\raaspi-jee\r3-gen\projects\genappcdi\java\hot\com\rcomputer\genapp\action\R3RestClient.java
C:\raaspi-jee\r3-gen\projects\genappcdi\java\hot\com\rcomputer\genapp\action\SessionConfig.java
C:\raaspi-jee\r3-gen\projects\genappcdi\java\hot\com\rcomputer\genapp\action\ShopifyBeanPrivate.java
C:\raaspi-jee\r3-gen\projects\genappcdi\java\hot\com\rcomputer\genapp\action\SimpleMailConfig.java
C:\raaspi-jee\r3-gen\projects\genappcdi\java\hot\com\rcomputer\genapp\action\SitemapServletCdi.java
C:\raaspi-jee\r3-gen\projects\genappcdi\java\hot\com\rcomputer\genapp\action\SkinBean.java
C:\raaspi-jee\r3-gen\projects\genappcdi\java\hot\com\rcomputer\genapp\action\SqlAdminSupport.java
C:\raaspi-jee\r3-gen\projects\genappcdi\java\hot\com\rcomputer\genapp\action\SqlSupport.java
C:\raaspi-jee\r3-gen\projects\genappcdi\java\hot\com\rcomputer\genapp\action\TaskAgent.java
C:\raaspi-jee\r3-gen\projects\genappcdi\java\hot\com\rcomputer\genapp\action\TestMailConfigs.java
C:\raaspi-jee\r3-gen\projects\genappcdi\java\hot\com\rcomputer\genapp\action\Trexuq233xwwqqhxxxxxcuquoteHome.java
C:\raaspi-jee\r3-gen\projects\genappcdi\java\hot\com\rcomputer\genapp\action\Trexuq233xwwqqhxxxxxcuquoteList.java
C:\raaspi-jee\r3-gen\projects\genappcdi\java\hot\com\rcomputer\genapp\action\Trexuq244xwwqqhxxxxxcuordersHome.java
C:\raaspi-jee\r3-gen\projects\genappcdi\java\hot\com\rcomputer\genapp\action\Trexuq244xwwqqhxxxxxcuordersList.java
C:\raaspi-jee\r3-gen\projects\genappcdi\java\hot\com\rcomputer\genapp\action\Trexuq255xwwqqhxxxxxshipmentHome.java
C:\raaspi-jee\r3-gen\projects\genappcdi\java\hot\com\rcomputer\genapp\action\Trexuq255xwwqqhxxxxxshipmentList.java
C:\raaspi-jee\r3-gen\projects\genappcdi\java\hot\com\rcomputer\genapp\action\Trexuq266xwwqqhxxxxxcuinvoiceHome.java
C:\raaspi-jee\r3-gen\projects\genappcdi\java\hot\com\rcomputer\genapp\action\Trexuq266xwwqqhxxxxxcuinvoiceList.java
C:\raaspi-jee\r3-gen\projects\genappcdi\java\hot\com\rcomputer\genapp\action\Trexuq277xwwqqhxxxxxcpaymentHome.java
C:\raaspi-jee\r3-gen\projects\genappcdi\java\hot\com\rcomputer\genapp\action\Trexuq277xwwqqhxxxxxcpaymentList.java
C:\raaspi-jee\r3-gen\projects\genappcdi\java\hot\com\rcomputer\genapp\action\Trexuq333xwwqqhxxxxxvenquoteHome.java
C:\raaspi-jee\r3-gen\projects\genappcdi\java\hot\com\rcomputer\genapp\action\Trexuq333xwwqqhxxxxxvenquoteList.java
C:\raaspi-jee\r3-gen\projects\genappcdi\java\hot\com\rcomputer\genapp\action\Trexuq344xwwqqhxxxxxvendordersHome.java
C:\raaspi-jee\r3-gen\projects\genappcdi\java\hot\com\rcomputer\genapp\action\Trexuq344xwwqqhxxxxxvendordersList.java
C:\raaspi-jee\r3-gen\projects\genappcdi\java\hot\com\rcomputer\genapp\action\Trexuq377xwwqqhxxxxxvshipmenHome.java
C:\raaspi-jee\r3-gen\projects\genappcdi\java\hot\com\rcomputer\genapp\action\Trexuq377xwwqqhxxxxxvshipmenList.java
C:\raaspi-jee\r3-gen\projects\genappcdi\java\hot\com\rcomputer\genapp\action\Trexuq388xwwqqhxxxxxvpaymentHome.java
C:\raaspi-jee\r3-gen\projects\genappcdi\java\hot\com\rcomputer\genapp\action\Trexuq388xwwqqhxxxxxvpaymentList.java
C:\raaspi-jee\r3-gen\projects\genappcdi\java\hot\com\rcomputer\genapp\action\Trexuq3a6xwwqqhxxxxxvinvoiceHome.java
C:\raaspi-jee\r3-gen\projects\genappcdi\java\hot\com\rcomputer\genapp\action\Trexuq3a6xwwqqhxxxxxvinvoiceList.java
C:\raaspi-jee\r3-gen\projects\genappcdi\java\hot\com\rcomputer\genapp\action\Trexuq444xwwqqhxxxxxemplordersCalendarOrderService.java
C:\raaspi-jee\r3-gen\projects\genappcdi\java\hot\com\rcomputer\genapp\action\Trexuq444xwwqqhxxxxxemplordersHome.java
C:\raaspi-jee\r3-gen\projects\genappcdi\java\hot\com\rcomputer\genapp\action\Trexuq444xwwqqhxxxxxemplordersList.java
C:\raaspi-jee\r3-gen\projects\genappcdi\java\hot\com\rcomputer\genapp\action\Trxxuq9aaxwwqqhefxxxjobassignmentCalendarService.java
C:\raaspi-jee\r3-gen\projects\genappcdi\java\hot\com\rcomputer\genapp\action\Trxxuq9aaxwwqqhefxxxjobassignmentHome.java
C:\raaspi-jee\r3-gen\projects\genappcdi\java\hot\com\rcomputer\genapp\action\Trxxuq9aaxwwqqhefxxxjobassignmentList.java
C:\raaspi-jee\r3-gen\projects\genappcdi\java\hot\com\rcomputer\genapp\action\Txxxuq366xwwqqhxxxxxvenarthaHome.java
C:\raaspi-jee\r3-gen\projects\genappcdi\java\hot\com\rcomputer\genapp\action\Txxxuq366xwwqqhxxxxxvenarthaList.java
C:\raaspi-jee\r3-gen\projects\genappcdi\java\hot\com\rcomputer\genapp\action\Txxxuq932xwwqqhspxxxactivityjobHome.java
C:\raaspi-jee\r3-gen\projects\genappcdi\java\hot\com\rcomputer\genapp\action\Txxxuq932xwwqqhspxxxactivityjobList.java
C:\raaspi-jee\r3-gen\projects\genappcdi\java\hot\com\rcomputer\genapp\action\webhookSGService.java
C:\raaspi-jee\r3-gen\projects\genappcdi\java\hot\com\rcomputer\genapp\action\Xlrxeh675xwwqqhxxxxxcjournalHome.java
C:\raaspi-jee\r3-gen\projects\genappcdi\java\hot\com\rcomputer\genapp\action\Xlrxeh675xwwqqhxxxxxcjournalList.java
C:\raaspi-jee\r3-gen\projects\genappcdi\java\hot\com\rcomputer\genapp\action\Xlrxeh685xwwqqhxxxxxjournalHome.java
C:\raaspi-jee\r3-gen\projects\genappcdi\java\hot\com\rcomputer\genapp\action\Xlrxeh685xwwqqhxxxxxjournalList.java
C:\raaspi-jee\r3-gen\projects\genappcdi\java\hot\com\rcomputer\genapp\action\Xlrxeh69jxwwqqhxxxxxjjournalHome.java
C:\raaspi-jee\r3-gen\projects\genappcdi\java\hot\com\rcomputer\genapp\action\Xlrxeh69jxwwqqhxxxxxjjournalList.java
C:\raaspi-jee\r3-gen\projects\genappcdi\java\hot\com\rcomputer\genapp\action\Xlrxuq1iixwwqqhexxxxscandateHome.java
C:\raaspi-jee\r3-gen\projects\genappcdi\java\hot\com\rcomputer\genapp\action\Xlrxuq1iixwwqqhexxxxscandateList.java
C:\raaspi-jee\r3-gen\projects\genappcdi\java\hot\com\rcomputer\genapp\action\Xorxeh66exwwqqhxxxxxgentriesdetailsHome.java
C:\raaspi-jee\r3-gen\projects\genappcdi\java\hot\com\rcomputer\genapp\action\Xorxeh66exwwqqhxxxxxgentriesdetailsList.java
C:\raaspi-jee\r3-gen\projects\genappcdi\java\hot\com\rcomputer\genapp\action\Xorxeh8cexwwqqhxxxxxscheduledetailsHome.java
C:\raaspi-jee\r3-gen\projects\genappcdi\java\hot\com\rcomputer\genapp\action\Xorxeh8cexwwqqhxxxxxscheduledetailsList.java
C:\raaspi-jee\r3-gen\projects\genappcdi\java\hot\com\rcomputer\genapp\action\Xoxxuq284xwwqqhxxxxxcupdetailsHome.java
C:\raaspi-jee\r3-gen\projects\genappcdi\java\hot\com\rcomputer\genapp\action\Xoxxuq284xwwqqhxxxxxcupdetailsList.java
C:\raaspi-jee\r3-gen\projects\genappcdi\java\hot\com\rcomputer\genapp\action\Xoxxuq295xwwqqhxxxxxshipmentdetailsHome.java
C:\raaspi-jee\r3-gen\projects\genappcdi\java\hot\com\rcomputer\genapp\action\Xoxxuq295xwwqqhxxxxxshipmentdetailsList.java
C:\raaspi-jee\r3-gen\projects\genappcdi\java\hot\com\rcomputer\genapp\action\Xoxxuq2a4xwwqqhxxxxxcuidetailsHome.java
C:\raaspi-jee\r3-gen\projects\genappcdi\java\hot\com\rcomputer\genapp\action\Xoxxuq2a4xwwqqhxxxxxcuidetailsList.java
C:\raaspi-jee\r3-gen\projects\genappcdi\java\hot\com\rcomputer\genapp\action\Xoxxuq2b4xwwqqhxxxxxcuodetailsHome.java
C:\raaspi-jee\r3-gen\projects\genappcdi\java\hot\com\rcomputer\genapp\action\Xoxxuq2b4xwwqqhxxxxxcuodetailsList.java
C:\raaspi-jee\r3-gen\projects\genappcdi\java\hot\com\rcomputer\genapp\action\Xoxxuq2c4xwwqqhxxxxxcuqdetailsHome.java
C:\raaspi-jee\r3-gen\projects\genappcdi\java\hot\com\rcomputer\genapp\action\Xoxxuq2c4xwwqqhxxxxxcuqdetailsList.java
C:\raaspi-jee\r3-gen\projects\genappcdi\java\hot\com\rcomputer\genapp\action\Xoxxuq399xvwwqqhxxxxvshipmendetailsHome.java
C:\raaspi-jee\r3-gen\projects\genappcdi\java\hot\com\rcomputer\genapp\action\Xoxxuq399xvwwqqhxxxxvshipmendetailsList.java
C:\raaspi-jee\r3-gen\projects\genappcdi\java\hot\com\rcomputer\genapp\action\Xoxxuq3b4xwwqqhxxxxxvendpdetailsHome.java
C:\raaspi-jee\r3-gen\projects\genappcdi\java\hot\com\rcomputer\genapp\action\Xoxxuq3b4xwwqqhxxxxxvendpdetailsList.java
C:\raaspi-jee\r3-gen\projects\genappcdi\java\hot\com\rcomputer\genapp\action\Xoxxuq3c4xwwqqhxxxxxvendidetailsHome.java
C:\raaspi-jee\r3-gen\projects\genappcdi\java\hot\com\rcomputer\genapp\action\Xoxxuq3c4xwwqqhxxxxxvendidetailsList.java
C:\raaspi-jee\r3-gen\projects\genappcdi\java\hot\com\rcomputer\genapp\action\Xoxxuq3d4xwwqqhxxxxxvendodetailsHome.java
C:\raaspi-jee\r3-gen\projects\genappcdi\java\hot\com\rcomputer\genapp\action\Xoxxuq3d4xwwqqhxxxxxvendodetailsList.java
C:\raaspi-jee\r3-gen\projects\genappcdi\java\hot\com\rcomputer\genapp\action\Xoxxuq3e4xwwqqhxxxxxvendqdetailsHome.java
C:\raaspi-jee\r3-gen\projects\genappcdi\java\hot\com\rcomputer\genapp\action\Xoxxuq3e4xwwqqhxxxxxvendqdetailsList.java
C:\raaspi-jee\r3-gen\projects\genappcdi\java\hot\com\rcomputer\genapp\action\Xoxxuq454xwwqqhxxxxxemplodetailsHome.java
C:\raaspi-jee\r3-gen\projects\genappcdi\java\hot\com\rcomputer\genapp\action\Xoxxuq454xwwqqhxxxxxemplodetailsList.java
C:\raaspi-jee\r3-gen\projects\genappcdi\java\hot\com\rcomputer\genapp\action\Xoxxuq943xwwqqhxxxxxactivityjobdetailsHome.java
C:\raaspi-jee\r3-gen\projects\genappcdi\java\hot\com\rcomputer\genapp\action\Xoxxuq943xwwqqhxxxxxactivityjobdetailsList.java
C:\raaspi-jee\r3-gen\projects\genappcdi\java\hot\com\rcomputer\genapp\action\Xoxxuq9bfxwwqqhexxxxjobassignmentdetailsHome.java
C:\raaspi-jee\r3-gen\projects\genappcdi\java\hot\com\rcomputer\genapp\action\Xoxxuq9bfxwwqqhexxxxjobassignmentdetailsList.java
C:\raaspi-jee\r3-gen\projects\genappcdi\java\hot\com\rcomputer\genapp\action\Xoxxuq9f4xwwqqhxxxxxprocessattributesHome.java
C:\raaspi-jee\r3-gen\projects\genappcdi\java\hot\com\rcomputer\genapp\action\Xoxxuq9f4xwwqqhxxxxxprocessattributesList.java
C:\raaspi-jee\r3-gen\projects\genappcdi\java\hot\com\rcomputer\genapp\action\Xxxxch6ahxhhhhhxxxxxhlogfileHome.java
C:\raaspi-jee\r3-gen\projects\genappcdi\java\hot\com\rcomputer\genapp\action\Xxxxch6ahxhhhhhxxxxxhlogfileList.java
C:\raaspi-jee\r3-gen\projects\genappcdi\java\hot\com\rcomputer\genapp\action\Xxxxch82bxhhhhhxxxxxeditlogHome.java
C:\raaspi-jee\r3-gen\projects\genappcdi\java\hot\com\rcomputer\genapp\action\Xxxxch82bxhhhhhxxxxxeditlogList.java
C:\raaspi-jee\r3-gen\projects\genappcdi\java\hot\com\rcomputer\genapp\action\Xxxxeh742xwwqqhxxxxxwageearnerauxHome.java
C:\raaspi-jee\r3-gen\projects\genappcdi\java\hot\com\rcomputer\genapp\action\Xxxxeh742xwwqqhxxxxxwageearnerauxList.java
C:\raaspi-jee\r3-gen\projects\genappcdi\java\hot\com\rcomputer\genapp\action\Xxxxih722xwwqqhxxxxxarthatblHome.java
C:\raaspi-jee\r3-gen\projects\genappcdi\java\hot\com\rcomputer\genapp\action\Xxxxih722xwwqqhxxxxxarthatblList.java
C:\raaspi-jee\r3-gen\projects\genappcdi\java\hot\com\rcomputer\genapp\action\Xxxxih732xwwqqhxxxxxarthahistHome.java
C:\raaspi-jee\r3-gen\projects\genappcdi\java\hot\com\rcomputer\genapp\action\Xxxxih732xwwqqhxxxxxarthahistList.java
C:\raaspi-jee\r3-gen\projects\genappcdi\java\hot\com\rcomputer\genapp\action\Xxxxiq1c3xwwqqhxxxxxcontrolHome.java
C:\raaspi-jee\r3-gen\projects\genappcdi\java\hot\com\rcomputer\genapp\action\Xxxxiq1c3xwwqqhxxxxxcontrolList.java
C:\raaspi-jee\r3-gen\projects\genappcdi\java\hot\com\rcomputer\genapp\action\Xxxxiq711xwwqqhxxxxxwageearnerHome.java
C:\raaspi-jee\r3-gen\projects\genappcdi\java\hot\com\rcomputer\genapp\action\Xxxxiq711xwwqqhxxxxxwageearnerList.java
C:\raaspi-jee\r3-gen\projects\genappcdi\java\hot\com\rcomputer\genapp\action\Xxxxuq9ccxwwqqhxxxxxprocessdetailsHome.java
C:\raaspi-jee\r3-gen\projects\genappcdi\java\hot\com\rcomputer\genapp\action\Xxxxuq9ccxwwqqhxxxxxprocessdetailsList.java
C:\raaspi-jee\r3-gen\projects\genappcdi\java\hot\com\rcomputer\genapp\action\Yrxxch511xhhxxhxxxxxoptionsHome.java
C:\raaspi-jee\r3-gen\projects\genappcdi\java\hot\com\rcomputer\genapp\action\Yrxxch511xhhxxhxxxxxoptionsList.java
C:\raaspi-jee\r3-gen\projects\genappcdi\java\hot\com\rcomputer\genapp\action\Yrxxch5b1xhhxxhxxxxximportcsvHome.java
C:\raaspi-jee\r3-gen\projects\genappcdi\java\hot\com\rcomputer\genapp\action\Yrxxch5b1xhhxxhxxxxximportcsvList.java
C:\raaspi-jee\r3-gen\projects\genappcdi\java\hot\com\rcomputer\genapp\action\Yxxxch522xhhxxhxxxxxclientCalendarService.java
C:\raaspi-jee\r3-gen\projects\genappcdi\java\hot\com\rcomputer\genapp\action\Yxxxch522xhhxxhxxxxxclientHome.java
C:\raaspi-jee\r3-gen\projects\genappcdi\java\hot\com\rcomputer\genapp\action\Yxxxch522xhhxxhxxxxxclientList.java
C:\raaspi-jee\r3-gen\projects\genappcdi\java\hot\com\rcomputer\genapp\action\Yxxxch575xwwqqhxxxxxuserproflHome.java
C:\raaspi-jee\r3-gen\projects\genappcdi\java\hot\com\rcomputer\genapp\action\Yxxxch575xwwqqhxxxxxuserproflList.java
C:\raaspi-jee\r3-gen\projects\genappcdi\java\hot\com\rcomputer\genapp\action\Yxxxch5a1xhhxxhxxxxxtruefalseHome.java
C:\raaspi-jee\r3-gen\projects\genappcdi\java\hot\com\rcomputer\genapp\action\Yxxxch5a1xhhxxhxxxxxtruefalseList.java
C:\raaspi-jee\r3-gen\projects\genappcdi\java\hot\com\rcomputer\genapp\action\Yxxxch601xwwqqhxxxxxaccountHome.java
C:\raaspi-jee\r3-gen\projects\genappcdi\java\hot\com\rcomputer\genapp\action\Yxxxch601xwwqqhxxxxxaccountList.java
C:\raaspi-jee\r3-gen\projects\genappcdi\java\hot\com\rcomputer\genapp\action\Yxxxch621xwwqqhxxxxxacperiodHome.java
C:\raaspi-jee\r3-gen\projects\genappcdi\java\hot\com\rcomputer\genapp\action\Yxxxch621xwwqqhxxxxxacperiodList.java
C:\raaspi-jee\r3-gen\projects\genappcdi\java\hot\com\rcomputer\genapp\action\Yxxxch643xwwqqhxxxxxacintegrHome.java
C:\raaspi-jee\r3-gen\projects\genappcdi\java\hot\com\rcomputer\genapp\action\Yxxxch643xwwqqhxxxxxacintegrList.java
C:\raaspi-jee\r3-gen\projects\genappcdi\java\hot\com\rcomputer\genapp\action\Yxxxch65exwwqqhxxxxxglentriesHome.java
C:\raaspi-jee\r3-gen\projects\genappcdi\java\hot\com\rcomputer\genapp\action\Yxxxch65exwwqqhxxxxxglentriesList.java
C:\raaspi-jee\r3-gen\projects\genappcdi\java\hot\com\rcomputer\genapp\action\Yxxxiq555xwwqqhxxxxxholidayHome.java
C:\raaspi-jee\r3-gen\projects\genappcdi\java\hot\com\rcomputer\genapp\action\Yxxxiq555xwwqqhxxxxxholidayList.java
C:\raaspi-jee\r3-gen\projects\genappcdi\java\hot\com\rcomputer\genapp\action\Yxxxuh566xwwqqwxxxxxuserHome.java
C:\raaspi-jee\r3-gen\projects\genappcdi\java\hot\com\rcomputer\genapp\action\Yxxxuh566xwwqqwxxxxxuserList.java
C:\raaspi-jee\r3-gen\projects\genappcdi\java\hot\com\rcomputer\genapp\action\Yxxxuq1l1xwwqqhxxxxxresource_bundleHome.java
C:\raaspi-jee\r3-gen\projects\genappcdi\java\hot\com\rcomputer\genapp\action\Yxxxuq1l1xwwqqhxxxxxresource_bundleList.java
C:\raaspi-jee\r3-gen\projects\genappcdi\java\hot\com\rcomputer\genapp\action\Yxxxuq1m1xwwqqqxxxxxclobdataHome.java
C:\raaspi-jee\r3-gen\projects\genappcdi\java\hot\com\rcomputer\genapp\action\Yxxxuq1m1xwwqqqxxxxxclobdataList.java
C:\raaspi-jee\r3-gen\projects\genappcdi\java\hot\com\rcomputer\genapp\action\Yxxxuq1n1xwwqqqxxxxxblobdataHome.java
C:\raaspi-jee\r3-gen\projects\genappcdi\java\hot\com\rcomputer\genapp\action\Yxxxuq1n1xwwqqqxxxxxblobdataList.java
C:\raaspi-jee\r3-gen\projects\genappcdi\java\hot\com\rcomputer\genapp\action\Yxxxuq1r1xwwqqhxxxxxresourceHome.java
C:\raaspi-jee\r3-gen\projects\genappcdi\java\hot\com\rcomputer\genapp\action\Yxxxuq1r1xwwqqhxxxxxresourceList.java
C:\raaspi-jee\r3-gen\projects\genappcdi\java\hot\com\rcomputer\genapp\action\Yxxxuq582xwwqqhsgxxxgenoptionsHome.java
C:\raaspi-jee\r3-gen\projects\genappcdi\java\hot\com\rcomputer\genapp\action\Yxxxuq582xwwqqhsgxxxgenoptionsList.java
C:\raaspi-jee\r3-gen\projects\genappcdi\java\hot\com\rcomputer\genapp\action\Yxxxuq591xwwqqhxxxxxrate1fHome.java
C:\raaspi-jee\r3-gen\projects\genappcdi\java\hot\com\rcomputer\genapp\action\Yxxxuq591xwwqqhxxxxxrate1fList.java
C:\raaspi-jee\r3-gen\projects\genappcdi\java\hot\com\rcomputer\genapp\action\Yxxxuq632xwwqqhxxxxxperioddatesHome.java
C:\raaspi-jee\r3-gen\projects\genappcdi\java\hot\com\rcomputer\genapp\action\Yxxxuq632xwwqqhxxxxxperioddatesList.java
C:\raaspi-jee\r3-gen\projects\genappcdi\java\main\com\rcomputer\genapp\model\Dxxxch1d3xwwqqhxxlxxcompany.java
C:\raaspi-jee\r3-gen\projects\genappcdi\java\main\com\rcomputer\genapp\model\Dxxxiq155xwwqqhxxxxxresidency.java
C:\raaspi-jee\r3-gen\projects\genappcdi\java\main\com\rcomputer\genapp\model\Dxxxuq2drxwwqqhfxxxxresourcedetails.java
C:\raaspi-jee\r3-gen\projects\genappcdi\java\main\com\rcomputer\genapp\model\Dxxxuq92bxwwqqhefxxxitemjob.java
C:\raaspi-jee\r3-gen\projects\genappcdi\java\main\com\rcomputer\genapp\model\File.java
C:\raaspi-jee\r3-gen\projects\genappcdi\java\main\com\rcomputer\genapp\model\Fpxxfq1a5xwwqqhxxxxxitem.java
C:\raaspi-jee\r3-gen\projects\genappcdi\java\main\com\rcomputer\genapp\model\Fpxxfq1t8xwwqqhxxxxxitemprofl.java
C:\raaspi-jee\r3-gen\projects\genappcdi\java\main\com\rcomputer\genapp\model\Fpxxuq9eexwwqqhefxxxmachine.java
C:\raaspi-jee\r3-gen\projects\genappcdi\java\main\com\rcomputer\genapp\model\Fxxxch122xhhxqhxxlxxdepartment.java
C:\raaspi-jee\r3-gen\projects\genappcdi\java\main\com\rcomputer\genapp\model\Fxxxch133xhhxqhxxlxxdivision.java
C:\raaspi-jee\r3-gen\projects\genappcdi\java\main\com\rcomputer\genapp\model\Fxxxcq144xwwqqhxxxxxlocation.java
C:\raaspi-jee\r3-gen\projects\genappcdi\java\main\com\rcomputer\genapp\model\Fxxxuq111xwwqqhxxxxxaddress.java
C:\raaspi-jee\r3-gen\projects\genappcdi\java\main\com\rcomputer\genapp\model\Fxxxuq166xwwqqhefmxxitembom.java
C:\raaspi-jee\r3-gen\projects\genappcdi\java\main\com\rcomputer\genapp\model\Fxxxuq188xwwqqhxxxxxactivity.java
C:\raaspi-jee\r3-gen\projects\genappcdi\java\main\com\rcomputer\genapp\model\Fxxxuq1bhxwwqqhxxxxxusagebyperiods.java
C:\raaspi-jee\r3-gen\projects\genappcdi\java\main\com\rcomputer\genapp\model\Fxxxuq1ffxwwqqhefxxxserialnumbers.java
C:\raaspi-jee\r3-gen\projects\genappcdi\java\main\com\rcomputer\genapp\model\Fxxxuq1ggxwwqqhxxxxxmembersgroup.java
C:\raaspi-jee\r3-gen\projects\genappcdi\java\main\com\rcomputer\genapp\model\Fxxxuq1hhxwwqqhefxxxitembomdetails.java
C:\raaspi-jee\r3-gen\projects\genappcdi\java\main\com\rcomputer\genapp\model\Fxxxuq1kkxwwqqhfxxxxtask.java
C:\raaspi-jee\r3-gen\projects\genappcdi\java\main\com\rcomputer\genapp\model\Fxxxuq1skxwwqqhxxxxxseat.java
C:\raaspi-jee\r3-gen\projects\genappcdi\java\main\com\rcomputer\genapp\model\Fxxxuq89bxwwqqhxxxxxschedule.java
C:\raaspi-jee\r3-gen\projects\genappcdi\java\main\com\rcomputer\genapp\model\Fxxxuq8axxwwqqhxxxxxproject.java
C:\raaspi-jee\r3-gen\projects\genappcdi\java\main\com\rcomputer\genapp\model\Fxxxuq8bxxwwqqhxxxxxoutline.java
C:\raaspi-jee\r3-gen\projects\genappcdi\java\main\com\rcomputer\genapp\model\Jxxxbh400xwwqqhxxxxxemployee.java
C:\raaspi-jee\r3-gen\projects\genappcdi\java\main\com\rcomputer\genapp\model\Jxxxuq201xwwqqhxxxxxcustomer.java
C:\raaspi-jee\r3-gen\projects\genappcdi\java\main\com\rcomputer\genapp\model\Jxxxuq21bxwwqqhxxxxxccontact.java
C:\raaspi-jee\r3-gen\projects\genappcdi\java\main\com\rcomputer\genapp\model\Jxxxuq300xwwqqhxxxxxvendor.java
C:\raaspi-jee\r3-gen\projects\genappcdi\java\main\com\rcomputer\genapp\model\Jxxxuq31bxwwqqhxxxxxvcontact.java
C:\raaspi-jee\r3-gen\projects\genappcdi\java\main\com\rcomputer\genapp\model\Jxxxuq53dxwwqqhxxxxxrollupgroup.java
C:\raaspi-jee\r3-gen\projects\genappcdi\java\main\com\rcomputer\genapp\model\Jxxxuq54exwwqqhxxxxxgroupmembers.java
C:\raaspi-jee\r3-gen\projects\genappcdi\java\main\com\rcomputer\genapp\model\Lxxxeh177xwwqqhxxxxxcontrolusagebyperiods.java
C:\raaspi-jee\r3-gen\projects\genappcdi\java\main\com\rcomputer\genapp\model\Mlrbuq1qxxwwqqhexxxxnextserialno.java
C:\raaspi-jee\r3-gen\projects\genappcdi\java\main\com\rcomputer\genapp\model\NonceForm.java
C:\raaspi-jee\r3-gen\projects\genappcdi\java\main\com\rcomputer\genapp\model\Nxxxiha1rxwwqqhxxxxxgenapp.java
C:\raaspi-jee\r3-gen\projects\genappcdi\java\main\com\rcomputer\genapp\model\Nxxxiha2rxwwqqhxxxxxgendb.java
C:\raaspi-jee\r3-gen\projects\genappcdi\java\main\com\rcomputer\genapp\model\Nxxxiha3rxwwqqhxxxxxgentable.java
C:\raaspi-jee\r3-gen\projects\genappcdi\java\main\com\rcomputer\genapp\model\Nxxxiha4rxwwqqhxxxxxgenfields.java
C:\raaspi-jee\r3-gen\projects\genappcdi\java\main\com\rcomputer\genapp\model\ShoppingCartBean.java
C:\raaspi-jee\r3-gen\projects\genappcdi\java\main\com\rcomputer\genapp\model\Trexuq233xwwqqhxxxxxcuquote.java
C:\raaspi-jee\r3-gen\projects\genappcdi\java\main\com\rcomputer\genapp\model\Trexuq244xwwqqhxxxxxcuorders.java
C:\raaspi-jee\r3-gen\projects\genappcdi\java\main\com\rcomputer\genapp\model\Trexuq255xwwqqhxxxxxshipment.java
C:\raaspi-jee\r3-gen\projects\genappcdi\java\main\com\rcomputer\genapp\model\Trexuq266xwwqqhxxxxxcuinvoice.java
C:\raaspi-jee\r3-gen\projects\genappcdi\java\main\com\rcomputer\genapp\model\Trexuq277xwwqqhxxxxxcpayment.java
C:\raaspi-jee\r3-gen\projects\genappcdi\java\main\com\rcomputer\genapp\model\Trexuq333xwwqqhxxxxxvenquote.java
C:\raaspi-jee\r3-gen\projects\genappcdi\java\main\com\rcomputer\genapp\model\Trexuq344xwwqqhxxxxxvendorders.java
C:\raaspi-jee\r3-gen\projects\genappcdi\java\main\com\rcomputer\genapp\model\Trexuq377xwwqqhxxxxxvshipmen.java
C:\raaspi-jee\r3-gen\projects\genappcdi\java\main\com\rcomputer\genapp\model\Trexuq388xwwqqhxxxxxvpayment.java
C:\raaspi-jee\r3-gen\projects\genappcdi\java\main\com\rcomputer\genapp\model\Trexuq3a6xwwqqhxxxxxvinvoice.java
C:\raaspi-jee\r3-gen\projects\genappcdi\java\main\com\rcomputer\genapp\model\Trexuq444xwwqqhxxxxxemplorders.java
C:\raaspi-jee\r3-gen\projects\genappcdi\java\main\com\rcomputer\genapp\model\Trxxuq9aaxwwqqhefxxxjobassignment.java
C:\raaspi-jee\r3-gen\projects\genappcdi\java\main\com\rcomputer\genapp\model\Txxxuq366xwwqqhxxxxxvenartha.java
C:\raaspi-jee\r3-gen\projects\genappcdi\java\main\com\rcomputer\genapp\model\Txxxuq932xwwqqhspxxxactivityjob.java
C:\raaspi-jee\r3-gen\projects\genappcdi\java\main\com\rcomputer\genapp\model\Xlrxeh675xwwqqhxxxxxcjournal.java
C:\raaspi-jee\r3-gen\projects\genappcdi\java\main\com\rcomputer\genapp\model\Xlrxeh685xwwqqhxxxxxjournal.java
C:\raaspi-jee\r3-gen\projects\genappcdi\java\main\com\rcomputer\genapp\model\Xlrxeh69jxwwqqhxxxxxjjournal.java
C:\raaspi-jee\r3-gen\projects\genappcdi\java\main\com\rcomputer\genapp\model\Xlrxuq1iixwwqqhexxxxscandate.java
C:\raaspi-jee\r3-gen\projects\genappcdi\java\main\com\rcomputer\genapp\model\Xorxeh66exwwqqhxxxxxgentriesdetails.java
C:\raaspi-jee\r3-gen\projects\genappcdi\java\main\com\rcomputer\genapp\model\Xorxeh8cexwwqqhxxxxxscheduledetails.java
C:\raaspi-jee\r3-gen\projects\genappcdi\java\main\com\rcomputer\genapp\model\Xoxxuq284xwwqqhxxxxxcupdetails.java
C:\raaspi-jee\r3-gen\projects\genappcdi\java\main\com\rcomputer\genapp\model\Xoxxuq295xwwqqhxxxxxshipmentdetails.java
C:\raaspi-jee\r3-gen\projects\genappcdi\java\main\com\rcomputer\genapp\model\Xoxxuq2a4xwwqqhxxxxxcuidetails.java
C:\raaspi-jee\r3-gen\projects\genappcdi\java\main\com\rcomputer\genapp\model\Xoxxuq2b4xwwqqhxxxxxcuodetails.java
C:\raaspi-jee\r3-gen\projects\genappcdi\java\main\com\rcomputer\genapp\model\Xoxxuq2c4xwwqqhxxxxxcuqdetails.java
C:\raaspi-jee\r3-gen\projects\genappcdi\java\main\com\rcomputer\genapp\model\Xoxxuq399xvwwqqhxxxxvshipmendetails.java
C:\raaspi-jee\r3-gen\projects\genappcdi\java\main\com\rcomputer\genapp\model\Xoxxuq3b4xwwqqhxxxxxvendpdetails.java
C:\raaspi-jee\r3-gen\projects\genappcdi\java\main\com\rcomputer\genapp\model\Xoxxuq3c4xwwqqhxxxxxvendidetails.java
C:\raaspi-jee\r3-gen\projects\genappcdi\java\main\com\rcomputer\genapp\model\Xoxxuq3d4xwwqqhxxxxxvendodetails.java
C:\raaspi-jee\r3-gen\projects\genappcdi\java\main\com\rcomputer\genapp\model\Xoxxuq3e4xwwqqhxxxxxvendqdetails.java
C:\raaspi-jee\r3-gen\projects\genappcdi\java\main\com\rcomputer\genapp\model\Xoxxuq454xwwqqhxxxxxemplodetails.java
C:\raaspi-jee\r3-gen\projects\genappcdi\java\main\com\rcomputer\genapp\model\Xoxxuq943xwwqqhxxxxxactivityjobdetails.java
C:\raaspi-jee\r3-gen\projects\genappcdi\java\main\com\rcomputer\genapp\model\Xoxxuq9bfxwwqqhexxxxjobassignmentdetails.java
C:\raaspi-jee\r3-gen\projects\genappcdi\java\main\com\rcomputer\genapp\model\Xoxxuq9f4xwwqqhxxxxxprocessattributes.java
C:\raaspi-jee\r3-gen\projects\genappcdi\java\main\com\rcomputer\genapp\model\Xxxxch6ahxhhhhhxxxxxhlogfile.java
C:\raaspi-jee\r3-gen\projects\genappcdi\java\main\com\rcomputer\genapp\model\Xxxxch82bxhhhhhxxxxxeditlog.java
C:\raaspi-jee\r3-gen\projects\genappcdi\java\main\com\rcomputer\genapp\model\Xxxxeh742xwwqqhxxxxxwageearneraux.java
C:\raaspi-jee\r3-gen\projects\genappcdi\java\main\com\rcomputer\genapp\model\Xxxxih722xwwqqhxxxxxarthatbl.java
C:\raaspi-jee\r3-gen\projects\genappcdi\java\main\com\rcomputer\genapp\model\Xxxxih732xwwqqhxxxxxarthahist.java
C:\raaspi-jee\r3-gen\projects\genappcdi\java\main\com\rcomputer\genapp\model\Xxxxiq1c3xwwqqhxxxxxcontrol.java
C:\raaspi-jee\r3-gen\projects\genappcdi\java\main\com\rcomputer\genapp\model\Xxxxiq711xwwqqhxxxxxwageearner.java
C:\raaspi-jee\r3-gen\projects\genappcdi\java\main\com\rcomputer\genapp\model\Xxxxuq9ccxwwqqhxxxxxprocessdetails.java
C:\raaspi-jee\r3-gen\projects\genappcdi\java\main\com\rcomputer\genapp\model\Yrxxch511xhhxxhxxxxxoptions.java
C:\raaspi-jee\r3-gen\projects\genappcdi\java\main\com\rcomputer\genapp\model\Yrxxch5b1xhhxxhxxxxximportcsv.java
C:\raaspi-jee\r3-gen\projects\genappcdi\java\main\com\rcomputer\genapp\model\Yxxxch522xhhxxhxxxxxclient.java
C:\raaspi-jee\r3-gen\projects\genappcdi\java\main\com\rcomputer\genapp\model\Yxxxch575xwwqqhxxxxxuserprofl.java
C:\raaspi-jee\r3-gen\projects\genappcdi\java\main\com\rcomputer\genapp\model\Yxxxch5a1xhhxxhxxxxxtruefalse.java
C:\raaspi-jee\r3-gen\projects\genappcdi\java\main\com\rcomputer\genapp\model\Yxxxch601xwwqqhxxxxxaccount.java
C:\raaspi-jee\r3-gen\projects\genappcdi\java\main\com\rcomputer\genapp\model\Yxxxch621xwwqqhxxxxxacperiod.java
C:\raaspi-jee\r3-gen\projects\genappcdi\java\main\com\rcomputer\genapp\model\Yxxxch643xwwqqhxxxxxacintegr.java
C:\raaspi-jee\r3-gen\projects\genappcdi\java\main\com\rcomputer\genapp\model\Yxxxch65exwwqqhxxxxxglentries.java
C:\raaspi-jee\r3-gen\projects\genappcdi\java\main\com\rcomputer\genapp\model\Yxxxiq555xwwqqhxxxxxholiday.java
C:\raaspi-jee\r3-gen\projects\genappcdi\java\main\com\rcomputer\genapp\model\Yxxxuh566xwwqqwxxxxxuser.java
C:\raaspi-jee\r3-gen\projects\genappcdi\java\main\com\rcomputer\genapp\model\Yxxxuq1l1xwwqqhxxxxxresource_bundle.java
C:\raaspi-jee\r3-gen\projects\genappcdi\java\main\com\rcomputer\genapp\model\Yxxxuq1m1xwwqqqxxxxxclobdata.java
C:\raaspi-jee\r3-gen\projects\genappcdi\java\main\com\rcomputer\genapp\model\Yxxxuq1n1xwwqqqxxxxxblobdata.java
C:\raaspi-jee\r3-gen\projects\genappcdi\java\main\com\rcomputer\genapp\model\Yxxxuq1r1xwwqqhxxxxxresource.java
C:\raaspi-jee\r3-gen\projects\genappcdi\java\main\com\rcomputer\genapp\model\Yxxxuq582xwwqqhsgxxxgenoptions.java
C:\raaspi-jee\r3-gen\projects\genappcdi\java\main\com\rcomputer\genapp\model\Yxxxuq591xwwqqhxxxxxrate1f.java
C:\raaspi-jee\r3-gen\projects\genappcdi\java\main\com\rcomputer\genapp\model\Yxxxuq632xwwqqhxxxxxperioddates.java
C:\raaspi-jee\r3-gen\projects\genappcdi\java\test\com\rcomputer\genapp\test\R3RestClientTest.java
